{
  "date": "<class 'datetime'>",
  "foo": {
    "another_date": "<class 'datetime'>",
    "x": "y"
  },
  "int": "<class 'int'>"
}
