{
  "date": "<DATETIME>",
  "foo": {
    "another_date": "<DATETIME>",
    "x": "y"
  },
  "int": "<INT>"
}
