{
  "a": "b",
  "foo": {},
  "x": {
    "y": {
      "zz": "I'm still there"
    }
  }
}
