# serializer version: 1
# name: test_case_1
  'Syrupy is amazing!'
# ---
