# name: test_multiple_snapshot_extensions.1
  b'\x89PNG\r\n\x1a\n\x00\x00\x00\rIHDR\x00\x00\x002\x00\x00\x002\x04\x03\x00\x00\x00\xec\x11\x95\x82\x00\x00\x00\x1bPLTE\xcc\xcc\xcc\x96\x96\x96\xaa\xaa\xaa\xb7\xb7\xb7\xb1\xb1\xb1\x9c\x9c\x9c\xbe\xbe\xbe\xa3\xa3\xa3\xc5\xc5\xc5\x05\xa4\xf2?\x00\x00\x00\tpHYs\x00\x00\x0e\xc4\x00\x00\x0e\xc4\x01\x95+\x0e\x1b\x00\x00\x00AIDAT8\x8dc`\x18\x05\xa3\x80\xfe\x80I\xd9\xdc\x00F\xa2\x02\x16\x86\x88\x00\xa6\x16\x10\x89.\xc3\x1a" \xc0\x11\x01"\xd1e\xd8\x12#\x028"@$\x86=*\xe6\x06L- \x92zn\x1f\x05\xc3\x1b\x00\x00\xe5\xfb\x08g\r"af\x00\x00\x00\x00IEND\xaeB`\x82'
---
