{
  "key": [
    1,
    "line1\nline2",
    2,
    "line3\nline4"
  ]
}
