{
  "a": "this",
  "b": "is",
  "c": "a",
  "d": [
    "named",
    "tuple"
  ]
}
