[
  1,
  2,
  "string",
  {
    "key": "value"
  }
]
