{
  "value_a": {
    "value_b": "line 1\nline 2\nline 3"
  }
}
