{
  "a": {
    "e": false
  },
  "b": true,
  "c": "Some ttext.",
  "d": [
    "1",
    2
  ]
}
