[
  [
    1,
    2
  ],
  "contains",
  "tuple"
]
