{
  "key": [
    1,
    [
      "line1\nline2"
    ],
    2
  ]
}
