[
  "contains",
  "frozen",
  [
    "1",
    "2"
  ]
]
