"<function test_function_local.<locals>.local_function_to_test(var1, var2='test_val', var3: str = 'test_val2', *, kwvar1, kwvar2='some_val') -> int>"
