{
  "a": "Some ttext.",
  "multi\nline\nkey": "Some morre text."
}
