# name: test_canadian_nameğŸ‡¨ğŸ‡¦
  'Name should be test_canadian_nameğŸ‡¨ğŸ‡¦.'
---
