test_dict[actual0]:
  data:
    a:
      e: false
    b: true
    c: Some text.
    d:
    - '1'
    - 2
test_dict[actual1]:
  data:
    a:
      e: false
    b: true
    c: Some ttext.
    d:
    - '1'
    - 2
test_multiple_snapshots:
  data: First.
test_multiple_snapshots.1:
  data: Second.
test_multiple_snapshots.2:
  data: Third.
test_parametrized_with_special_char[Backslash \\u U]:
  data: Backslash \u U
test_parametrized_with_special_char[Escaped \\n]:
  data: Escaped \n
test_raw_string:
  data: Raw string
test_set:
  data: !!set
    a: null
    is: null
    set: null
    this: null
test_set.1:
  data: !!set
    a: null
    ? !!python/object/apply:builtins.frozenset
    - - nested, set
    : null
    is: null
    this: null
test_simple_string:
  data: Loreeeeeem ipsum.
test_tuples:
  data: !!python/tuple
  - this
  - is
  - !!python/tuple
    - a
    - tuple
test_tuples.1:
  data: !!python/object/new:tests.test_snapshots.ExampleTuple
  - this
  - is
  - a
  - !!set
    named: null
    tuple: null
test_unicode_string:
  data: 🥞🐍🍯
