# name: test_string[0]
    Raw string
    
---
# name: test_string[1]
    singleline:
---
