{
  "array": [
    1,
    2,
    3
  ],
  "datetime": "2021-01-31T23:59:00.000000",
  "float": 4.2,
  "int": -1,
  "null": "None",
  "str": "foo"
}
