{
  "I'm": "still alive",
  "nested": {
    "foo": "is still alive"
  }
}
