{
  "empty_dict": {},
  "empty_list": [],
  "none": "None"
}
