{
  "foo": "__SHOULD_BE_REMOVED_FROM_JSON__",
  "id": 123456789
}
