# serializer version: 1
# name: test_amber_single_file.2
  '''
  
          Multi
          line
          string
      
  '''
# ---
