# serializer version: 1
# name: test_amber_single_file.1
  dict({
    'a': 'b',
  })
# ---
